// Jest Snapshot v1, https://goo.gl/fbAQLP

exports[`Profile screen renders screen, and email and password fields correctly 1`] = `
<RNCSafeAreaProvider
  onInsetsChange={[Function]}
  style={
    [
      {
        "flex": 1,
      },
      undefined,
    ]
  }
>
  <View
    dataSet={{}}
    style={
      {
        "alignItems": "center",
        "backgroundColor": "#FFFFFF",
        "flexDirection": "row",
        "height": "17%",
        "justifyContent": "center",
        "width": "100%",
      }
    }
  >
    <Text />
    <View
      dataSet={{}}
      style={
        {
          "width": 22,
        }
      }
    />
    <View
      dataSet={{}}
      style={{}}
    >
      <Text
        dataSet={{}}
        style={
          {
            "backgroundColor": undefined,
            "color": "#28374D",
            "fontFamily": undefined,
            "fontSize": 18,
            "fontStyle": "normal",
            "fontWeight": "400",
            "letterSpacing": 0,
            "lineHeight": 27,
            "textAlign": "center",
            "textDecorationLine": undefined,
          }
        }
        testID="username"
      >
        John Doe
      </Text>
    </View>
  </View>
  <View
    dataSet={{}}
    style={
      {
        "alignItems": "center",
        "backgroundColor": "#FFFFFF",
        "display": "flex",
        "flex": 1,
        "flexDirection": "column",
        "justifyContent": "center",
        "paddingBottom": 42,
        "paddingLeft": 40,
        "paddingRight": 40,
      }
    }
  >
    <View
      dataSet={{}}
      style={
        {
          "backgroundColor": "#28374D",
          "borderRadius": 20,
          "justifyContent": "center",
          "paddingBottom": 22,
          "paddingLeft": 16,
          "paddingRight": 16,
          "paddingTop": 22,
          "width": "100%",
        }
      }
    >
      <Text
        dataSet={{}}
        style={
          {
            "backgroundColor": undefined,
            "color": "#FFFFFF",
            "fontFamily": undefined,
            "fontSize": 32,
            "fontStyle": "normal",
            "fontWeight": "700",
            "letterSpacing": 0,
            "lineHeight": 48,
            "textDecorationLine": undefined,
          }
        }
      >
        Perfil
      </Text>
      <View
        dataSet={{}}
        style={
          {
            "height": 12,
          }
        }
      />
      <Text
        dataSet={{}}
        style={
          {
            "backgroundColor": undefined,
            "color": "#FFFFFF",
            "fontFamily": undefined,
            "fontSize": 24,
            "fontStyle": "normal",
            "fontWeight": "700",
            "letterSpacing": 0,
            "lineHeight": 36,
            "textDecorationLine": undefined,
          }
        }
      >
        Nome do Usuário
      </Text>
      <View
        dataSet={{}}
        style={
          {
            "height": 12,
          }
        }
      />
      <Text
        dataSet={{}}
        style={
          {
            "backgroundColor": undefined,
            "color": "#FFFFFF",
            "fontFamily": undefined,
            "fontSize": 24,
            "fontStyle": "normal",
            "fontWeight": "400",
            "letterSpacing": 0,
            "lineHeight": 36,
            "textDecorationLine": undefined,
          }
        }
        testID="profile-username"
      >
        John Doe
      </Text>
      <View
        dataSet={{}}
        style={
          {
            "height": 12,
          }
        }
      />
      <Text
        dataSet={{}}
        style={
          {
            "backgroundColor": undefined,
            "color": "#FFFFFF",
            "fontFamily": undefined,
            "fontSize": 24,
            "fontStyle": "normal",
            "fontWeight": "700",
            "letterSpacing": 0,
            "lineHeight": 36,
            "textDecorationLine": undefined,
          }
        }
      >
        Cargo / Nível de acesso
      </Text>
      <View
        dataSet={{}}
        style={
          {
            "height": 12,
          }
        }
      />
      <Text
        dataSet={{}}
        style={
          {
            "backgroundColor": undefined,
            "color": "#FFFFFF",
            "fontFamily": undefined,
            "fontSize": 24,
            "fontStyle": "normal",
            "fontWeight": "400",
            "letterSpacing": 0,
            "lineHeight": 36,
            "textDecorationLine": undefined,
          }
        }
        testID="profile-cargo"
      >
        Professor
         /
         
        Administrador
      </Text>
      <View
        dataSet={{}}
        style={
          {
            "height": 12,
          }
        }
      />
      <Text
        dataSet={{}}
        style={
          {
            "backgroundColor": undefined,
            "color": "#FFFFFF",
            "fontFamily": undefined,
            "fontSize": 24,
            "fontStyle": "normal",
            "fontWeight": "700",
            "letterSpacing": 0,
            "lineHeight": 36,
            "textDecorationLine": undefined,
          }
        }
      >
        Ingresso no Sistema
      </Text>
      <View
        dataSet={{}}
        style={
          {
            "height": 12,
          }
        }
      />
      <Text
        dataSet={{}}
        style={
          {
            "backgroundColor": undefined,
            "color": "#FFFFFF",
            "fontFamily": undefined,
            "fontSize": 24,
            "fontStyle": "normal",
            "fontWeight": "400",
            "letterSpacing": 0,
            "lineHeight": 36,
            "textDecorationLine": undefined,
          }
        }
        testID="profile-data-criado"
      >
        29/07/2023
      </Text>
      <View
        dataSet={{}}
        style={
          {
            "height": 12,
          }
        }
      />
      <View
        accessibilityRole="button"
        accessibilityState={
          {
            "busy": undefined,
            "checked": undefined,
            "disabled": undefined,
            "expanded": undefined,
            "selected": undefined,
          }
        }
        accessibilityValue={
          {
            "max": undefined,
            "min": undefined,
            "now": undefined,
            "text": undefined,
          }
        }
        accessible={true}
        collapsable={false}
        colorScheme="primary"
        dataSet={{}}
        focusable={true}
        onBlur={[Function]}
        onClick={[Function]}
        onFocus={[Function]}
        onResponderGrant={[Function]}
        onResponderMove={[Function]}
        onResponderRelease={[Function]}
        onResponderTerminate={[Function]}
        onResponderTerminationRequest={[Function]}
        onStartShouldSetResponder={[Function]}
        style={
          {
            "alignItems": "center",
            "backgroundColor": "#2486CE",
            "borderRadius": 4,
            "flexDirection": "row",
            "justifyContent": "center",
            "paddingBottom": 10,
            "paddingLeft": 12,
            "paddingRight": 12,
            "paddingTop": 10,
            "width": "100%",
          }
        }
        testID="profile-logout-button"
      >
        <View
          dataSet={{}}
          style={
            {
              "alignItems": "center",
              "flexDirection": "row",
            }
          }
          test={true}
        >
          <View
            dataSet={{}}
            style={{}}
          >
            <Text
              dataSet={{}}
              style={
                {
                  "backgroundColor": undefined,
                  "color": "#fafafa",
                  "fontFamily": undefined,
                  "fontSize": 24,
                  "fontStyle": "normal",
                  "fontWeight": "700",
                  "letterSpacing": 0,
                  "lineHeight": 36,
                  "textDecorationLine": undefined,
                }
              }
            >
              Sair
            </Text>
          </View>
        </View>
      </View>
    </View>
  </View>
</RNCSafeAreaProvider>
`;
