// Jest Snapshot v1, https://goo.gl/fbAQLP

exports[`Doors screen renders the list of salas correctly 1`] = `
<RNCSafeAreaProvider
  onInsetsChange={[Function]}
  style={
    [
      {
        "flex": 1,
      },
      undefined,
    ]
  }
>
  <View
    dataSet={{}}
    style={
      {
        "alignItems": "center",
        "backgroundColor": "#FFFFFF",
        "flexDirection": "row",
        "height": "17%",
        "justifyContent": "center",
        "width": "100%",
      }
    }
  >
    <Text
      allowFontScaling={false}
      dataSet={{}}
      selectable={false}
      style={
        [
          {
            "color": undefined,
            "fontSize": 12,
          },
          {
            "color": "#28374D",
            "fontSize": 48,
            "height": 48,
            "lineHeight": 48,
            "width": 48,
          },
          {
            "fontFamily": "FontAwesome",
            "fontStyle": "normal",
            "fontWeight": "normal",
          },
          {},
        ]
      }
    >
      
    </Text>
    <View
      dataSet={{}}
      style={
        {
          "width": 22,
        }
      }
    />
    <View
      dataSet={{}}
      style={{}}
    >
      <Text
        dataSet={{}}
        style={
          {
            "backgroundColor": undefined,
            "color": "#28374D",
            "fontFamily": undefined,
            "fontSize": 18,
            "fontStyle": "normal",
            "fontWeight": "400",
            "letterSpacing": 0,
            "lineHeight": 27,
            "textAlign": "center",
            "textDecorationLine": undefined,
          }
        }
        testID="username"
      >
        Carregando...
      </Text>
    </View>
  </View>
  <View
    dataSet={{}}
    style={
      {
        "alignItems": "center",
        "backgroundColor": "#FFFFFF",
        "display": "flex",
        "flex": 1,
        "flexDirection": "column",
        "justifyContent": "center",
        "paddingLeft": 40,
        "paddingRight": 40,
      }
    }
  >
    <Text
      dataSet={{}}
      style={
        {
          "backgroundColor": undefined,
          "color": "#28374D",
          "fontFamily": undefined,
          "fontSize": 24,
          "fontStyle": "normal",
          "fontWeight": "400",
          "letterSpacing": 0,
          "lineHeight": 36,
          "marginBottom": 12,
          "textDecorationLine": undefined,
        }
      }
      testID="screen-title"
    >
      Salas que você tem acesso
    </Text>
    <RCTScrollView
      ItemSeparatorComponent={[Function]}
      contentContainerStyle={
        [
          {},
          {
            "dataSet": {},
          },
          {},
        ]
      }
      data={
        [
          {
            "name": "Sala 101",
            "numero": "101",
            "status": "ativo",
          },
          {
            "name": "Sala 102",
            "numero": "102",
            "status": "inativo",
          },
        ]
      }
      dataSet={{}}
      getItem={[Function]}
      getItemCount={[Function]}
      initialNumToRender={10}
      keyExtractor={[Function]}
      onContentSizeChange={[Function]}
      onEndReachedThreshold={2}
      onLayout={[Function]}
      onMomentumScrollBegin={[Function]}
      onMomentumScrollEnd={[Function]}
      onRefresh={[Function]}
      onScroll={[Function]}
      onScrollBeginDrag={[Function]}
      onScrollEndDrag={[Function]}
      refreshControl={
        <RefreshControlMock
          onRefresh={[Function]}
          refreshing={false}
        />
      }
      refreshing={false}
      removeClippedSubviews={false}
      renderItem={[Function]}
      scrollEventThrottle={50}
      stickyHeaderIndices={[]}
      style={
        {
          "flex": 1,
          "width": "100%",
        }
      }
      testID="sala-items"
      viewabilityConfigCallbackPairs={[]}
    >
      <RCTRefreshControl />
      <View>
        <View
          onFocusCapture={[Function]}
          onLayout={[Function]}
          style={null}
        >
          <View
            accessibilityState={
              {
                "busy": undefined,
                "checked": undefined,
                "disabled": undefined,
                "expanded": undefined,
                "selected": undefined,
              }
            }
            accessibilityValue={
              {
                "max": undefined,
                "min": undefined,
                "now": undefined,
                "text": undefined,
              }
            }
            accessible={true}
            collapsable={false}
            dataSet={{}}
            focusable={true}
            onBlur={[Function]}
            onClick={[Function]}
            onFocus={[Function]}
            onResponderGrant={[Function]}
            onResponderMove={[Function]}
            onResponderRelease={[Function]}
            onResponderTerminate={[Function]}
            onResponderTerminationRequest={[Function]}
            onStartShouldSetResponder={[Function]}
            style={
              {
                "width": "100%",
              }
            }
          >
            <View
              dataSet={{}}
              style={
                {
                  "alignItems": "center",
                  "backgroundColor": "#28374D",
                  "borderRadius": 12,
                  "flexDirection": "row",
                  "justifyContent": "space-between",
                  "paddingBottom": 16,
                  "paddingLeft": 16,
                  "paddingRight": 16,
                  "paddingTop": 16,
                  "width": "100%",
                }
              }
            >
              <View
                dataSet={{}}
                style={
                  {
                    "maxWidth": "80%",
                  }
                }
              >
                <Text
                  dataSet={{}}
                  style={
                    {
                      "backgroundColor": undefined,
                      "color": "#FFFFFF",
                      "fontFamily": undefined,
                      "fontSize": 20,
                      "fontStyle": "normal",
                      "fontWeight": "700",
                      "letterSpacing": 0,
                      "lineHeight": 30,
                      "textDecorationLine": undefined,
                    }
                  }
                  testID="sala-title"
                >
                  Sala 101 / 101
                </Text>
                <View
                  dataSet={{}}
                  style={{}}
                />
                <View
                  dataSet={{}}
                  style={
                    {
                      "alignItems": "center",
                      "flexDirection": "row",
                    }
                  }
                >
                  <Text
                    dataSet={{}}
                    style={
                      {
                        "backgroundColor": undefined,
                        "color": "#FFFFFF",
                        "fontFamily": undefined,
                        "fontSize": 16,
                        "fontStyle": "normal",
                        "fontWeight": "400",
                        "letterSpacing": 0,
                        "lineHeight": 24,
                        "textDecorationLine": undefined,
                      }
                    }
                    testID="sala-status"
                  >
                    ATIVO
                  </Text>
                  <View
                    dataSet={{}}
                    style={
                      {
                        "width": 12,
                      }
                    }
                  />
                  <View
                    dataSet={{}}
                    style={
                      {
                        "backgroundColor": "#00FF29",
                        "borderRadius": 15,
                        "display": "flex",
                        "flexDirection": "column",
                        "height": 15,
                        "width": 15,
                      }
                    }
                  />
                </View>
              </View>
              <View
                dataSet={{}}
                style={{}}
              />
              <Text
                allowFontScaling={false}
                dataSet={{}}
                selectable={false}
                style={
                  [
                    {
                      "color": undefined,
                      "fontSize": 12,
                    },
                    {
                      "color": "#FFFFFF",
                      "fontSize": 48,
                      "height": 48,
                      "lineHeight": 48,
                      "width": 48,
                    },
                    {
                      "fontFamily": "material-community",
                      "fontStyle": "normal",
                      "fontWeight": "normal",
                    },
                    {},
                  ]
                }
              >
                󰠚
              </Text>
            </View>
          </View>
          <View
            dataSet={{}}
            style={
              {
                "marginTop": 22,
              }
            }
          />
        </View>
        <View
          onFocusCapture={[Function]}
          onLayout={[Function]}
          style={null}
        >
          <View
            accessibilityState={
              {
                "busy": undefined,
                "checked": undefined,
                "disabled": undefined,
                "expanded": undefined,
                "selected": undefined,
              }
            }
            accessibilityValue={
              {
                "max": undefined,
                "min": undefined,
                "now": undefined,
                "text": undefined,
              }
            }
            accessible={true}
            collapsable={false}
            dataSet={{}}
            focusable={true}
            onBlur={[Function]}
            onClick={[Function]}
            onFocus={[Function]}
            onResponderGrant={[Function]}
            onResponderMove={[Function]}
            onResponderRelease={[Function]}
            onResponderTerminate={[Function]}
            onResponderTerminationRequest={[Function]}
            onStartShouldSetResponder={[Function]}
            style={
              {
                "width": "100%",
              }
            }
          >
            <View
              dataSet={{}}
              style={
                {
                  "alignItems": "center",
                  "backgroundColor": "#28374D",
                  "borderRadius": 12,
                  "flexDirection": "row",
                  "justifyContent": "space-between",
                  "paddingBottom": 16,
                  "paddingLeft": 16,
                  "paddingRight": 16,
                  "paddingTop": 16,
                  "width": "100%",
                }
              }
            >
              <View
                dataSet={{}}
                style={
                  {
                    "maxWidth": "80%",
                  }
                }
              >
                <Text
                  dataSet={{}}
                  style={
                    {
                      "backgroundColor": undefined,
                      "color": "#FFFFFF",
                      "fontFamily": undefined,
                      "fontSize": 20,
                      "fontStyle": "normal",
                      "fontWeight": "700",
                      "letterSpacing": 0,
                      "lineHeight": 30,
                      "textDecorationLine": undefined,
                    }
                  }
                  testID="sala-title"
                >
                  Sala 102 / 102
                </Text>
                <View
                  dataSet={{}}
                  style={{}}
                />
                <View
                  dataSet={{}}
                  style={
                    {
                      "alignItems": "center",
                      "flexDirection": "row",
                    }
                  }
                >
                  <Text
                    dataSet={{}}
                    style={
                      {
                        "backgroundColor": undefined,
                        "color": "#FFFFFF",
                        "fontFamily": undefined,
                        "fontSize": 16,
                        "fontStyle": "normal",
                        "fontWeight": "400",
                        "letterSpacing": 0,
                        "lineHeight": 24,
                        "textDecorationLine": undefined,
                      }
                    }
                    testID="sala-status"
                  >
                    INATIVO
                  </Text>
                  <View
                    dataSet={{}}
                    style={
                      {
                        "width": 12,
                      }
                    }
                  />
                  <View
                    dataSet={{}}
                    style={
                      {
                        "backgroundColor": "#FF0000",
                        "borderRadius": 15,
                        "display": "flex",
                        "flexDirection": "column",
                        "height": 15,
                        "width": 15,
                      }
                    }
                  />
                </View>
              </View>
              <View
                dataSet={{}}
                style={{}}
              />
              <Text
                allowFontScaling={false}
                dataSet={{}}
                selectable={false}
                style={
                  [
                    {
                      "color": undefined,
                      "fontSize": 12,
                    },
                    {
                      "color": "#FFFFFF",
                      "fontSize": 48,
                      "height": 48,
                      "lineHeight": 48,
                      "width": 48,
                    },
                    {
                      "fontFamily": "material-community",
                      "fontStyle": "normal",
                      "fontWeight": "normal",
                    },
                    {},
                  ]
                }
              >
                󰠚
              </Text>
            </View>
          </View>
        </View>
      </View>
    </RCTScrollView>
  </View>
</RNCSafeAreaProvider>
`;
